../Core/Src/main.c:125:5:main	2
../Core/Src/main.c:185:6:SystemClock_Config	3
../Core/Src/main.c:232:13:MX_CRC_Init	2
../Core/Src/main.c:258:13:MX_USART2_UART_Init	2
../Core/Src/main.c:291:13:MX_USART3_UART_Init	2
../Core/Src/main.c:324:13:MX_GPIO_Init	1
../Core/Src/main.c:360:13:printmsg	1
../Core/Src/main.c:376:13:bootloader_uart_read_data	15
../Core/Src/main.c:465:13:bootloader_jump_to_user_app	11
../Core/Src/main.c:557:6:bl_get_version	2
../Core/Src/main.c:581:6:bl_get_help	2
../Core/Src/main.c:603:6:bl_get_CID	2
../Core/Src/main.c:628:6:bl_get_read_protection_level	2
../Core/Src/main.c:654:6:bl_go_to_address	14
../Core/Src/main.c:772:6:bl_erase_flash	2
../Core/Src/main.c:800:6:bl_memory_write	3
../Core/Src/main.c:846:6:bl_memory_read	5
../Core/Src/main.c:889:6:bl_en_read_write_protection	5
../Core/Src/main.c:930:6:bl_diable_read_write_protection	3
../Core/Src/main.c:965:6:bl_get_read_sector_protection_status	2
../Core/Src/main.c:999:6:read_otp_content	5
../Core/Src/main.c:1044:13:bootloader_send_ack	1
../Core/Src/main.c:1054:13:bootloader_send_nack	1
../Core/Src/main.c:1063:16:bootloader_verify_crc	3
../Core/Src/main.c:1082:13:bootloader_uart_write_data	1
../Core/Src/main.c:1088:16:get_booloader_ver	1
../Core/Src/main.c:1093:17:get_mcu_cid	1
../Core/Src/main.c:1100:16:get_rdp_level	1
../Core/Src/main.c:1122:16:validate_addr	11
../Core/Src/main.c:1157:16:execute_erase_task	6
../Core/Src/main.c:1199:16:execute_write_task	2
../Core/Src/main.c:1216:16:sector_status	10
../Core/Src/main.c:1281:6:Error_Handler	1
